// Jest Snapshot v1, https://goo.gl/fbAQLP

exports[`Dashboard will match snapshot 1`] = `undefined`;
