// Jest Snapshot v1, https://goo.gl/fbAQLP

exports[`NewQuestion should match snapshot 1`] = `undefined`;
